connect to manually setup postgres on postgresql://myxo@127.0.0.1:5432/postgres
Benchmarking tier1_insert_row/pg_fake
Benchmarking tier1_insert_row/pg_fake: Warming up for 1.0000 s
Benchmarking tier1_insert_row/pg_fake: Collecting 20 samples in estimated 2.0010 s (49k iterations)
Benchmarking tier1_insert_row/pg_fake: Analyzing
tier1_insert_row/pg_fake
                        time:   [38.839 µs 38.938 µs 39.049 µs]
                        change: [+2.2046% +2.5908% +2.9556%] (p = 0.00 < 0.05)
                        Performance has regressed.
Benchmarking tier1_insert_row/postgres_18
Benchmarking tier1_insert_row/postgres_18: Warming up for 1.0000 s
Benchmarking tier1_insert_row/postgres_18: Collecting 20 samples in estimated 2.0126 s (26k iterations)
Benchmarking tier1_insert_row/postgres_18: Analyzing
tier1_insert_row/postgres_18
                        time:   [72.822 µs 73.349 µs 73.821 µs]
                        change: [-0.9230% -0.2261% +0.6058%] (p = 0.60 > 0.05)
                        No change in performance detected.
Found 1 outliers among 20 measurements (5.00%)
  1 (5.00%) low mild

Benchmarking tier1_update_row/pg_fake
Benchmarking tier1_update_row/pg_fake: Warming up for 1.0000 s
Benchmarking tier1_update_row/pg_fake: Collecting 20 samples in estimated 2.0163 s (18k iterations)
Benchmarking tier1_update_row/pg_fake: Analyzing
tier1_update_row/pg_fake
                        time:   [43.600 µs 44.939 µs 46.618 µs]
                        change: [-40.567% -19.892% +5.4630%] (p = 0.24 > 0.05)
                        No change in performance detected.
Found 4 outliers among 20 measurements (20.00%)
  1 (5.00%) low severe
  2 (10.00%) high mild
  1 (5.00%) high severe
Benchmarking tier1_update_row/postgres_18
Benchmarking tier1_update_row/postgres_18: Warming up for 1.0000 s
Benchmarking tier1_update_row/postgres_18: Collecting 20 samples in estimated 2.0468 s (7560 iterations)
Benchmarking tier1_update_row/postgres_18: Analyzing
tier1_update_row/postgres_18
                        time:   [90.933 µs 92.245 µs 93.223 µs]
                        change: [-4.1157% -1.0577% +2.0196%] (p = 0.52 > 0.05)
                        No change in performance detected.
Found 4 outliers among 20 measurements (20.00%)
  2 (10.00%) low severe
  2 (10.00%) high mild

Benchmarking tier1_transaction_insert/pg_fake
Benchmarking tier1_transaction_insert/pg_fake: Warming up for 1.0000 s
Benchmarking tier1_transaction_insert/pg_fake: Collecting 20 samples in estimated 2.0049 s (46k iterations)
Benchmarking tier1_transaction_insert/pg_fake: Analyzing
tier1_transaction_insert/pg_fake
                        time:   [43.693 µs 44.205 µs 45.041 µs]
                        change: [+0.3607% +2.2227% +4.2448%] (p = 0.04 < 0.05)
                        Change within noise threshold.
Found 2 outliers among 20 measurements (10.00%)
  2 (10.00%) high severe
Benchmarking tier1_transaction_insert/postgres_18
Benchmarking tier1_transaction_insert/postgres_18: Warming up for 1.0000 s
Benchmarking tier1_transaction_insert/postgres_18: Collecting 20 samples in estimated 2.0040 s (16k iterations)
Benchmarking tier1_transaction_insert/postgres_18: Analyzing
tier1_transaction_insert/postgres_18
                        time:   [117.98 µs 118.39 µs 118.83 µs]
                        change: [-0.4018% +0.4588% +1.2229%] (p = 0.29 > 0.05)
                        No change in performance detected.
Found 3 outliers among 20 measurements (15.00%)
  1 (5.00%) low severe
  1 (5.00%) low mild
  1 (5.00%) high severe

Benchmarking tier1_select_100_rows/pg_fake
Benchmarking tier1_select_100_rows/pg_fake: Warming up for 1.0000 s
Benchmarking tier1_select_100_rows/pg_fake: Collecting 20 samples in estimated 2.0002 s (73k iterations)
Benchmarking tier1_select_100_rows/pg_fake: Analyzing
tier1_select_100_rows/pg_fake
                        time:   [27.407 µs 27.527 µs 27.653 µs]
                        change: [+0.1731% +1.5158% +2.6194%] (p = 0.02 < 0.05)
                        Change within noise threshold.
Benchmarking tier1_select_100_rows/postgres_18
Benchmarking tier1_select_100_rows/postgres_18: Warming up for 1.0000 s
Benchmarking tier1_select_100_rows/postgres_18: Collecting 20 samples in estimated 2.0112 s (34k iterations)
Benchmarking tier1_select_100_rows/postgres_18: Analyzing
tier1_select_100_rows/postgres_18
                        time:   [58.153 µs 58.540 µs 58.838 µs]
                        change: [+0.4851% +2.0725% +4.2586%] (p = 0.02 < 0.05)
                        Change within noise threshold.
Found 1 outliers among 20 measurements (5.00%)
  1 (5.00%) low mild

Benchmarking tier1_select_where_100_rows/pg_fake
Benchmarking tier1_select_where_100_rows/pg_fake: Warming up for 1.0000 s
Benchmarking tier1_select_where_100_rows/pg_fake: Collecting 20 samples in estimated 2.0016 s (130k iterations)
Benchmarking tier1_select_where_100_rows/pg_fake: Analyzing
tier1_select_where_100_rows/pg_fake
                        time:   [15.200 µs 15.254 µs 15.313 µs]
                        change: [+7.8465% +8.2559% +8.6888%] (p = 0.00 < 0.05)
                        Performance has regressed.
Benchmarking tier1_select_where_100_rows/postgres_18
Benchmarking tier1_select_where_100_rows/postgres_18: Warming up for 1.0000 s
Benchmarking tier1_select_where_100_rows/postgres_18: Collecting 20 samples in estimated 2.0014 s (57k iterations)
Benchmarking tier1_select_where_100_rows/postgres_18: Analyzing
tier1_select_where_100_rows/postgres_18
                        time:   [34.144 µs 34.445 µs 34.878 µs]
                        change: [-1.3225% -0.0297% +1.3683%] (p = 0.96 > 0.05)
                        No change in performance detected.
Found 1 outliers among 20 measurements (5.00%)
  1 (5.00%) high mild

Benchmarking tier1_select_where_indexed_100_rows/pg_fake
Benchmarking tier1_select_where_indexed_100_rows/pg_fake: Warming up for 1.0000 s
Benchmarking tier1_select_where_indexed_100_rows/pg_fake: Collecting 20 samples in estimated 2.0013 s (277k iterations)
Benchmarking tier1_select_where_indexed_100_rows/pg_fake: Analyzing
tier1_select_where_indexed_100_rows/pg_fake
                        time:   [7.2572 µs 7.3079 µs 7.3670 µs]
                        change: [-13.012% -12.471% -11.852%] (p = 0.00 < 0.05)
                        Performance has improved.
Found 2 outliers among 20 measurements (10.00%)
  2 (10.00%) high mild
Benchmarking tier1_select_where_indexed_100_rows/postgres_18
Benchmarking tier1_select_where_indexed_100_rows/postgres_18: Warming up for 1.0000 s
Benchmarking tier1_select_where_indexed_100_rows/postgres_18: Collecting 20 samples in estimated 2.0057 s (67k iterations)
Benchmarking tier1_select_where_indexed_100_rows/postgres_18: Analyzing
tier1_select_where_indexed_100_rows/postgres_18
                        time:   [29.020 µs 29.571 µs 29.927 µs]
                        change: [-13.483% -12.071% -10.619%] (p = 0.00 < 0.05)
                        Performance has improved.
Found 2 outliers among 20 measurements (10.00%)
  1 (5.00%) low severe
  1 (5.00%) low mild

Benchmarking tier1_limit_offset_ordered_100_rows/pg_fake
Benchmarking tier1_limit_offset_ordered_100_rows/pg_fake: Warming up for 1.0000 s
Benchmarking tier1_limit_offset_ordered_100_rows/pg_fake: Collecting 20 samples in estimated 2.0054 s (59k iterations)
Benchmarking tier1_limit_offset_ordered_100_rows/pg_fake: Analyzing
tier1_limit_offset_ordered_100_rows/pg_fake
                        time:   [33.821 µs 33.909 µs 34.034 µs]
                        change: [+2.0773% +2.5655% +3.0305%] (p = 0.00 < 0.05)
                        Performance has regressed.
Found 1 outliers among 20 measurements (5.00%)
  1 (5.00%) high severe
Benchmarking tier1_limit_offset_ordered_100_rows/postgres_18
Benchmarking tier1_limit_offset_ordered_100_rows/postgres_18: Warming up for 1.0000 s
Benchmarking tier1_limit_offset_ordered_100_rows/postgres_18: Collecting 20 samples in estimated 2.0037 s (47k iterations)
Benchmarking tier1_limit_offset_ordered_100_rows/postgres_18: Analyzing
tier1_limit_offset_ordered_100_rows/postgres_18
                        time:   [41.765 µs 41.954 µs 42.086 µs]
                        change: [-1.8337% -1.1264% -0.2989%] (p = 0.00 < 0.05)
                        Change within noise threshold.
Found 1 outliers among 20 measurements (5.00%)
  1 (5.00%) low severe

Benchmarking tier1_order_by_100_rows/pg_fake
Benchmarking tier1_order_by_100_rows/pg_fake: Warming up for 1.0000 s
Benchmarking tier1_order_by_100_rows/pg_fake: Collecting 20 samples in estimated 2.0048 s (52k iterations)
Benchmarking tier1_order_by_100_rows/pg_fake: Analyzing
tier1_order_by_100_rows/pg_fake
                        time:   [38.644 µs 38.733 µs 38.825 µs]
                        change: [+0.3272% +0.9092% +1.4571%] (p = 0.00 < 0.05)
                        Change within noise threshold.
Benchmarking tier1_order_by_100_rows/postgres_18
Benchmarking tier1_order_by_100_rows/postgres_18: Warming up for 1.0000 s
Benchmarking tier1_order_by_100_rows/postgres_18: Collecting 20 samples in estimated 2.0129 s (30k iterations)
Benchmarking tier1_order_by_100_rows/postgres_18: Analyzing
tier1_order_by_100_rows/postgres_18
                        time:   [66.053 µs 66.172 µs 66.291 µs]
                        change: [-0.1704% +0.1171% +0.3978%] (p = 0.46 > 0.05)
                        No change in performance detected.
Found 2 outliers among 20 measurements (10.00%)
  1 (5.00%) low severe
  1 (5.00%) high mild

Benchmarking tier1_selective_inner_join/pg_fake
Benchmarking tier1_selective_inner_join/pg_fake: Warming up for 1.0000 s
Benchmarking tier1_selective_inner_join/pg_fake: Collecting 20 samples in estimated 2.0108 s (22k iterations)
Benchmarking tier1_selective_inner_join/pg_fake: Analyzing
tier1_selective_inner_join/pg_fake
                        time:   [91.222 µs 91.325 µs 91.493 µs]
                        thrpt:  [10.930 Kelem/s 10.950 Kelem/s 10.962 Kelem/s]
                 change:
                        time:   [+1.0218% +2.2462% +5.1244%] (p = 0.01 < 0.05)
                        thrpt:  [-4.8746% -2.1969% -1.0115%]
                        Performance has regressed.
Found 4 outliers among 20 measurements (20.00%)
  1 (5.00%) low mild
  2 (10.00%) high mild
  1 (5.00%) high severe
Benchmarking tier1_selective_inner_join/postgres_18
Benchmarking tier1_selective_inner_join/postgres_18: Warming up for 1.0000 s
Benchmarking tier1_selective_inner_join/postgres_18: Collecting 20 samples in estimated 2.0008 s (49k iterations)
Benchmarking tier1_selective_inner_join/postgres_18: Analyzing
tier1_selective_inner_join/postgres_18
                        time:   [39.186 µs 39.474 µs 39.759 µs]
                        thrpt:  [25.151 Kelem/s 25.333 Kelem/s 25.520 Kelem/s]
                 change:
                        time:   [-2.3489% -1.6247% -0.8766%] (p = 0.00 < 0.05)
                        thrpt:  [+0.8844% +1.6515% +2.4054%]
                        Change within noise threshold.
Found 3 outliers among 20 measurements (15.00%)
  1 (5.00%) low severe
  2 (10.00%) low mild

Benchmarking tier1_many_match_inner_join/pg_fake
Benchmarking tier1_many_match_inner_join/pg_fake: Warming up for 1.0000 s
Benchmarking tier1_many_match_inner_join/pg_fake: Collecting 20 samples in estimated 2.0027 s (13k iterations)
Benchmarking tier1_many_match_inner_join/pg_fake: Analyzing
tier1_many_match_inner_join/pg_fake
                        time:   [157.95 µs 158.10 µs 158.33 µs]
                        thrpt:  [631.59 Kelem/s 632.50 Kelem/s 633.11 Kelem/s]
                 change:
                        time:   [-0.6037% -0.1863% +0.1574%] (p = 0.39 > 0.05)
                        thrpt:  [-0.1572% +0.1867% +0.6074%]
                        No change in performance detected.
Benchmarking tier1_many_match_inner_join/postgres_18
Benchmarking tier1_many_match_inner_join/postgres_18: Warming up for 1.0000 s
Benchmarking tier1_many_match_inner_join/postgres_18: Collecting 20 samples in estimated 2.0110 s (30k iterations)
Benchmarking tier1_many_match_inner_join/postgres_18: Analyzing
tier1_many_match_inner_join/postgres_18
                        time:   [65.893 µs 66.163 µs 66.405 µs]
                        thrpt:  [1.5059 Melem/s 1.5114 Melem/s 1.5176 Melem/s]
                 change:
                        time:   [-1.6903% -1.0249% -0.3946%] (p = 0.00 < 0.05)
                        thrpt:  [+0.3962% +1.0355% +1.7194%]
                        Change within noise threshold.
Found 1 outliers among 20 measurements (5.00%)
  1 (5.00%) low severe
