iterations=32768,us=40.942590
final_inserted_rows=32832
        1.46 real         1.25 user         0.21 sys
           666419200  maximum resident set size
                   0  average shared memory size
                   0  average unshared data size
                   0  average unshared stack size
               41014  page reclaims
                   0  page faults
                   0  swaps
                   0  block input operations
                   0  block output operations
                   0  messages sent
                   0  messages received
                   0  signals received
                   0  voluntary context switches
               65695  involuntary context switches
         13395604358  instructions retired
          3959039185  cycles elapsed
           660081344  peak memory footprint
