iterations=100032,us=38.345609
final_inserted_rows=100096
        3.86 real         3.48 user         0.38 sys
            85098496  maximum resident set size
                   0  average shared memory size
                   0  average unshared data size
                   0  average unshared stack size
                5527  page reclaims
                   0  page faults
                   0  swaps
                   0  block input operations
                   0  block output operations
                   0  messages sent
                   0  messages received
                   0  signals received
                   0  voluntary context switches
              200247  involuntary context switches
         36460443766  instructions retired
         10027464872  cycles elapsed
            78399552  peak memory footprint
