TRACE QUERY START query_case="insert_one" sql="INSERT INTO users (id, name, active, score) VALUES (4, 'Dora', true, 17)"
execute: enter
execute:try_execute_set_constraints: enter
execute:try_execute_set_constraints: exit
execute:parse: enter
execute:parse: exit
execute:start_transaction: enter
execute:start_transaction:begin: enter
execute:start_transaction:begin: exit
execute:start_transaction:read_clock: enter
execute:start_transaction:read_clock: exit
execute:start_transaction: exit
execute:execute_statement: enter
execute:execute_statement:create: enter
execute:execute_statement:create: exit
execute:execute_statement:use_command: enter
execute:execute_statement:use_command: exit
execute:execute_statement:read_clock: enter
execute:execute_statement:read_clock: exit
execute:execute_statement:read_clock: enter
execute:execute_statement:read_clock: exit
execute:execute_statement:create: enter
execute:execute_statement:create:iterate_sequences: enter
execute:execute_statement:create:iterate_sequences: exit
execute:execute_statement:create:iterate_tables: enter
execute:execute_statement:create:iterate_tables: exit
execute:execute_statement:create: exit
execute:execute_statement:contains_dml: enter
execute:execute_statement:contains_dml: exit
execute:execute_statement:acquire_row_locks: enter
execute:execute_statement:acquire_row_locks:collect_required_cte_row_locks: enter
execute:execute_statement:acquire_row_locks:collect_required_cte_row_locks: exit
execute:execute_statement:acquire_row_locks:clear_wait: enter
execute:execute_statement:acquire_row_locks:clear_wait: exit
execute:execute_statement:acquire_row_locks: exit
execute:execute_statement:materialize_ctes: enter
execute:execute_statement:materialize_ctes: exit
execute:execute_statement:materialize_uncorrelated_subqueries: enter
execute:execute_statement:materialize_uncorrelated_subqueries:resolve_insert_table_name: enter
execute:execute_statement:materialize_uncorrelated_subqueries:resolve_insert_table_name:normalize_unqualified_object_name: enter
execute:execute_statement:materialize_uncorrelated_subqueries:resolve_insert_table_name:normalize_unqualified_object_name:normalize_identifier: enter
execute:execute_statement:materialize_uncorrelated_subqueries:resolve_insert_table_name:normalize_unqualified_object_name:normalize_identifier: exit
execute:execute_statement:materialize_uncorrelated_subqueries:resolve_insert_table_name:normalize_unqualified_object_name: exit
execute:execute_statement:materialize_uncorrelated_subqueries:resolve_insert_table_name: exit
execute:execute_statement:materialize_uncorrelated_subqueries:require_table: enter
execute:execute_statement:materialize_uncorrelated_subqueries:require_table: exit
execute:execute_statement:materialize_uncorrelated_subqueries:bind_target_scope: enter
execute:execute_statement:materialize_uncorrelated_subqueries:bind_target_scope: exit
execute:execute_statement:materialize_uncorrelated_subqueries:materialize_subqueries: enter
execute:execute_statement:materialize_uncorrelated_subqueries:materialize_subqueries:pre_visit_query: enter
execute:execute_statement:materialize_uncorrelated_subqueries:materialize_subqueries:pre_visit_query: exit
execute:execute_statement:materialize_uncorrelated_subqueries:materialize_subqueries:pre_visit_expr: enter
execute:execute_statement:materialize_uncorrelated_subqueries:materialize_subqueries:pre_visit_expr: exit
execute:execute_statement:materialize_uncorrelated_subqueries:materialize_subqueries:pre_visit_expr: enter
execute:execute_statement:materialize_uncorrelated_subqueries:materialize_subqueries:pre_visit_expr: exit
execute:execute_statement:materialize_uncorrelated_subqueries:materialize_subqueries:pre_visit_expr: enter
execute:execute_statement:materialize_uncorrelated_subqueries:materialize_subqueries:pre_visit_expr: exit
execute:execute_statement:materialize_uncorrelated_subqueries:materialize_subqueries:pre_visit_expr: enter
execute:execute_statement:materialize_uncorrelated_subqueries:materialize_subqueries:pre_visit_expr: exit
execute:execute_statement:materialize_uncorrelated_subqueries:materialize_subqueries:post_visit_query: enter
execute:execute_statement:materialize_uncorrelated_subqueries:materialize_subqueries:post_visit_query: exit
execute:execute_statement:materialize_uncorrelated_subqueries:materialize_subqueries: exit
execute:execute_statement:materialize_uncorrelated_subqueries: exit
execute:execute_statement:classify: enter
execute:execute_statement:classify: exit
execute:execute_statement:acquire_row_locks: enter
execute:execute_statement:acquire_row_locks:collect_required_row_locks: enter
execute:execute_statement:acquire_row_locks:collect_required_row_locks:collect_insert_foreign_key_locks: enter
execute:execute_statement:acquire_row_locks:collect_required_row_locks:collect_insert_foreign_key_locks:resolve_insert_table_name: enter
execute:execute_statement:acquire_row_locks:collect_required_row_locks:collect_insert_foreign_key_locks:resolve_insert_table_name:normalize_unqualified_object_name: enter
execute:execute_statement:acquire_row_locks:collect_required_row_locks:collect_insert_foreign_key_locks:resolve_insert_table_name:normalize_unqualified_object_name:normalize_identifier: enter
execute:execute_statement:acquire_row_locks:collect_required_row_locks:collect_insert_foreign_key_locks:resolve_insert_table_name:normalize_unqualified_object_name:normalize_identifier: exit
execute:execute_statement:acquire_row_locks:collect_required_row_locks:collect_insert_foreign_key_locks:resolve_insert_table_name:normalize_unqualified_object_name: exit
execute:execute_statement:acquire_row_locks:collect_required_row_locks:collect_insert_foreign_key_locks:resolve_insert_table_name: exit
execute:execute_statement:acquire_row_locks:collect_required_row_locks:collect_insert_foreign_key_locks:require_table: enter
execute:execute_statement:acquire_row_locks:collect_required_row_locks:collect_insert_foreign_key_locks:require_table: exit
execute:execute_statement:acquire_row_locks:collect_required_row_locks:collect_insert_foreign_key_locks: exit
execute:execute_statement:acquire_row_locks:collect_required_row_locks: exit
execute:execute_statement:acquire_row_locks:clear_wait: enter
execute:execute_statement:acquire_row_locks:clear_wait: exit
execute:execute_statement:acquire_row_locks: exit
execute:execute_statement:execute_statement: enter
execute:execute_statement:execute_statement:execute_insert: enter
execute:execute_statement:execute_statement:execute_insert:resolve_insert_table_name: enter
execute:execute_statement:execute_statement:execute_insert:resolve_insert_table_name:normalize_unqualified_object_name: enter
execute:execute_statement:execute_statement:execute_insert:resolve_insert_table_name:normalize_unqualified_object_name:normalize_identifier: enter
execute:execute_statement:execute_statement:execute_insert:resolve_insert_table_name:normalize_unqualified_object_name:normalize_identifier: exit
execute:execute_statement:execute_statement:execute_insert:resolve_insert_table_name:normalize_unqualified_object_name: exit
execute:execute_statement:execute_statement:execute_insert:resolve_insert_table_name: exit
execute:execute_statement:execute_statement:execute_insert:require_table: enter
execute:execute_statement:execute_statement:execute_insert:require_table: exit
execute:execute_statement:execute_statement:execute_insert:bind_target_scope: enter
execute:execute_statement:execute_statement:execute_insert:bind_target_scope: exit
execute:execute_statement:execute_statement:execute_insert:build_returning_plan: enter
execute:execute_statement:execute_statement:execute_insert:build_returning_plan: exit
execute:execute_statement:execute_statement:execute_insert:normalize_unqualified_object_name: enter
execute:execute_statement:execute_statement:execute_insert:normalize_unqualified_object_name:normalize_identifier: enter
execute:execute_statement:execute_statement:execute_insert:normalize_unqualified_object_name:normalize_identifier: exit
execute:execute_statement:execute_statement:execute_insert:normalize_unqualified_object_name: exit
execute:execute_statement:execute_statement:execute_insert:normalize_unqualified_object_name: enter
execute:execute_statement:execute_statement:execute_insert:normalize_unqualified_object_name:normalize_identifier: enter
execute:execute_statement:execute_statement:execute_insert:normalize_unqualified_object_name:normalize_identifier: exit
execute:execute_statement:execute_statement:execute_insert:normalize_unqualified_object_name: exit
execute:execute_statement:execute_statement:execute_insert:normalize_unqualified_object_name: enter
execute:execute_statement:execute_statement:execute_insert:normalize_unqualified_object_name:normalize_identifier: enter
execute:execute_statement:execute_statement:execute_insert:normalize_unqualified_object_name:normalize_identifier: exit
execute:execute_statement:execute_statement:execute_insert:normalize_unqualified_object_name: exit
execute:execute_statement:execute_statement:execute_insert:normalize_unqualified_object_name: enter
execute:execute_statement:execute_statement:execute_insert:normalize_unqualified_object_name:normalize_identifier: enter
execute:execute_statement:execute_statement:execute_insert:normalize_unqualified_object_name:normalize_identifier: exit
execute:execute_statement:execute_statement:execute_insert:normalize_unqualified_object_name: exit
execute:execute_statement:execute_statement:execute_insert:evaluate_column_default: enter
execute:execute_statement:execute_statement:execute_insert:evaluate_column_default: exit
execute:execute_statement:execute_statement:execute_insert:create_constant_expression_schema: enter
execute:execute_statement:execute_statement:execute_insert:create_constant_expression_schema: exit
execute:execute_statement:execute_statement:execute_insert:is_default_expression: enter
execute:execute_statement:execute_statement:execute_insert:is_default_expression: exit
execute:execute_statement:execute_statement:execute_insert:evaluate_assignment_expression: enter
execute:execute_statement:execute_statement:execute_insert:evaluate_assignment_expression:extract_unknown_string_literal: enter
execute:execute_statement:execute_statement:execute_insert:evaluate_assignment_expression:extract_unknown_string_literal: exit
execute:execute_statement:execute_statement:execute_insert:evaluate_assignment_expression:evaluate: enter
execute:execute_statement:execute_statement:execute_insert:evaluate_assignment_expression:evaluate:evaluate_literal: enter
execute:execute_statement:execute_statement:execute_insert:evaluate_assignment_expression:evaluate:evaluate_literal:extract_ast_value: enter
execute:execute_statement:execute_statement:execute_insert:evaluate_assignment_expression:evaluate:evaluate_literal:extract_ast_value: exit
execute:execute_statement:execute_statement:execute_insert:evaluate_assignment_expression:evaluate:evaluate_literal:parse_integer_literal: enter
execute:execute_statement:execute_statement:execute_insert:evaluate_assignment_expression:evaluate:evaluate_literal:parse_integer_literal: exit
execute:execute_statement:execute_statement:execute_insert:evaluate_assignment_expression:evaluate:evaluate_literal: exit
execute:execute_statement:execute_statement:execute_insert:evaluate_assignment_expression:evaluate: exit
execute:execute_statement:execute_statement:execute_insert:evaluate_assignment_expression:infer_expression_type: enter
execute:execute_statement:execute_statement:execute_insert:evaluate_assignment_expression:infer_expression_type:extract_ast_value: enter
execute:execute_statement:execute_statement:execute_insert:evaluate_assignment_expression:infer_expression_type:extract_ast_value: exit
execute:execute_statement:execute_statement:execute_insert:evaluate_assignment_expression:infer_expression_type:parse_integer_literal: enter
execute:execute_statement:execute_statement:execute_insert:evaluate_assignment_expression:infer_expression_type:parse_integer_literal: exit
execute:execute_statement:execute_statement:execute_insert:evaluate_assignment_expression:infer_expression_type:get_base_type: enter
execute:execute_statement:execute_statement:execute_insert:evaluate_assignment_expression:infer_expression_type:get_base_type: exit
execute:execute_statement:execute_statement:execute_insert:evaluate_assignment_expression:infer_expression_type: exit
execute:execute_statement:execute_statement:execute_insert:evaluate_assignment_expression:coerce: enter
execute:execute_statement:execute_statement:execute_insert:evaluate_assignment_expression:coerce:is_null: enter
execute:execute_statement:execute_statement:execute_insert:evaluate_assignment_expression:coerce:is_null: exit
execute:execute_statement:execute_statement:execute_insert:evaluate_assignment_expression:coerce:can_cast: enter
execute:execute_statement:execute_statement:execute_insert:evaluate_assignment_expression:coerce:can_cast:resolve_required_cast_context: enter
execute:execute_statement:execute_statement:execute_insert:evaluate_assignment_expression:coerce:can_cast:resolve_required_cast_context: exit
execute:execute_statement:execute_statement:execute_insert:evaluate_assignment_expression:coerce:can_cast: exit
execute:execute_statement:execute_statement:execute_insert:evaluate_assignment_expression:coerce:apply_typmod: enter
execute:execute_statement:execute_statement:execute_insert:evaluate_assignment_expression:coerce:apply_typmod: exit
execute:execute_statement:execute_statement:execute_insert:evaluate_assignment_expression:coerce: exit
execute:execute_statement:execute_statement:execute_insert:evaluate_assignment_expression: exit
execute:execute_statement:execute_statement:execute_insert:is_default_expression: enter
execute:execute_statement:execute_statement:execute_insert:is_default_expression: exit
execute:execute_statement:execute_statement:execute_insert:evaluate_assignment_expression: enter
execute:execute_statement:execute_statement:execute_insert:evaluate_assignment_expression:extract_unknown_string_literal: enter
execute:execute_statement:execute_statement:execute_insert:evaluate_assignment_expression:extract_unknown_string_literal: exit
execute:execute_statement:execute_statement:execute_insert:evaluate_assignment_expression:coerce_unknown: enter
execute:execute_statement:execute_statement:execute_insert:evaluate_assignment_expression:coerce_unknown:is_string_type: enter
execute:execute_statement:execute_statement:execute_insert:evaluate_assignment_expression:coerce_unknown:is_string_type: exit
execute:execute_statement:execute_statement:execute_insert:evaluate_assignment_expression:coerce_unknown:apply_typmod: enter
execute:execute_statement:execute_statement:execute_insert:evaluate_assignment_expression:coerce_unknown:apply_typmod: exit
execute:execute_statement:execute_statement:execute_insert:evaluate_assignment_expression:coerce_unknown: exit
execute:execute_statement:execute_statement:execute_insert:evaluate_assignment_expression: exit
execute:execute_statement:execute_statement:execute_insert:is_default_expression: enter
execute:execute_statement:execute_statement:execute_insert:is_default_expression: exit
execute:execute_statement:execute_statement:execute_insert:evaluate_assignment_expression: enter
execute:execute_statement:execute_statement:execute_insert:evaluate_assignment_expression:extract_unknown_string_literal: enter
execute:execute_statement:execute_statement:execute_insert:evaluate_assignment_expression:extract_unknown_string_literal: exit
execute:execute_statement:execute_statement:execute_insert:evaluate_assignment_expression:evaluate: enter
execute:execute_statement:execute_statement:execute_insert:evaluate_assignment_expression:evaluate:evaluate_literal: enter
execute:execute_statement:execute_statement:execute_insert:evaluate_assignment_expression:evaluate:evaluate_literal:extract_ast_value: enter
execute:execute_statement:execute_statement:execute_insert:evaluate_assignment_expression:evaluate:evaluate_literal:extract_ast_value: exit
execute:execute_statement:execute_statement:execute_insert:evaluate_assignment_expression:evaluate:evaluate_literal: exit
execute:execute_statement:execute_statement:execute_insert:evaluate_assignment_expression:evaluate: exit
execute:execute_statement:execute_statement:execute_insert:evaluate_assignment_expression:infer_expression_type: enter
execute:execute_statement:execute_statement:execute_insert:evaluate_assignment_expression:infer_expression_type:extract_ast_value: enter
execute:execute_statement:execute_statement:execute_insert:evaluate_assignment_expression:infer_expression_type:extract_ast_value: exit
execute:execute_statement:execute_statement:execute_insert:evaluate_assignment_expression:infer_expression_type: exit
execute:execute_statement:execute_statement:execute_insert:evaluate_assignment_expression:coerce: enter
execute:execute_statement:execute_statement:execute_insert:evaluate_assignment_expression:coerce:is_null: enter
execute:execute_statement:execute_statement:execute_insert:evaluate_assignment_expression:coerce:is_null: exit
execute:execute_statement:execute_statement:execute_insert:evaluate_assignment_expression:coerce:can_cast: enter
execute:execute_statement:execute_statement:execute_insert:evaluate_assignment_expression:coerce:can_cast:resolve_required_cast_context: enter
execute:execute_statement:execute_statement:execute_insert:evaluate_assignment_expression:coerce:can_cast:resolve_required_cast_context: exit
execute:execute_statement:execute_statement:execute_insert:evaluate_assignment_expression:coerce:can_cast: exit
execute:execute_statement:execute_statement:execute_insert:evaluate_assignment_expression:coerce:apply_typmod: enter
execute:execute_statement:execute_statement:execute_insert:evaluate_assignment_expression:coerce:apply_typmod: exit
execute:execute_statement:execute_statement:execute_insert:evaluate_assignment_expression:coerce: exit
execute:execute_statement:execute_statement:execute_insert:evaluate_assignment_expression: exit
execute:execute_statement:execute_statement:execute_insert:is_default_expression: enter
execute:execute_statement:execute_statement:execute_insert:is_default_expression: exit
execute:execute_statement:execute_statement:execute_insert:evaluate_assignment_expression: enter
execute:execute_statement:execute_statement:execute_insert:evaluate_assignment_expression:extract_unknown_string_literal: enter
execute:execute_statement:execute_statement:execute_insert:evaluate_assignment_expression:extract_unknown_string_literal: exit
execute:execute_statement:execute_statement:execute_insert:evaluate_assignment_expression:evaluate: enter
execute:execute_statement:execute_statement:execute_insert:evaluate_assignment_expression:evaluate:evaluate_literal: enter
execute:execute_statement:execute_statement:execute_insert:evaluate_assignment_expression:evaluate:evaluate_literal:extract_ast_value: enter
execute:execute_statement:execute_statement:execute_insert:evaluate_assignment_expression:evaluate:evaluate_literal:extract_ast_value: exit
execute:execute_statement:execute_statement:execute_insert:evaluate_assignment_expression:evaluate:evaluate_literal:parse_integer_literal: enter
execute:execute_statement:execute_statement:execute_insert:evaluate_assignment_expression:evaluate:evaluate_literal:parse_integer_literal: exit
execute:execute_statement:execute_statement:execute_insert:evaluate_assignment_expression:evaluate:evaluate_literal: exit
execute:execute_statement:execute_statement:execute_insert:evaluate_assignment_expression:evaluate: exit
execute:execute_statement:execute_statement:execute_insert:evaluate_assignment_expression:infer_expression_type: enter
execute:execute_statement:execute_statement:execute_insert:evaluate_assignment_expression:infer_expression_type:extract_ast_value: enter
execute:execute_statement:execute_statement:execute_insert:evaluate_assignment_expression:infer_expression_type:extract_ast_value: exit
execute:execute_statement:execute_statement:execute_insert:evaluate_assignment_expression:infer_expression_type:parse_integer_literal: enter
execute:execute_statement:execute_statement:execute_insert:evaluate_assignment_expression:infer_expression_type:parse_integer_literal: exit
execute:execute_statement:execute_statement:execute_insert:evaluate_assignment_expression:infer_expression_type:get_base_type: enter
execute:execute_statement:execute_statement:execute_insert:evaluate_assignment_expression:infer_expression_type:get_base_type: exit
execute:execute_statement:execute_statement:execute_insert:evaluate_assignment_expression:infer_expression_type: exit
execute:execute_statement:execute_statement:execute_insert:evaluate_assignment_expression:coerce: enter
execute:execute_statement:execute_statement:execute_insert:evaluate_assignment_expression:coerce:is_null: enter
execute:execute_statement:execute_statement:execute_insert:evaluate_assignment_expression:coerce:is_null: exit
execute:execute_statement:execute_statement:execute_insert:evaluate_assignment_expression:coerce:can_cast: enter
execute:execute_statement:execute_statement:execute_insert:evaluate_assignment_expression:coerce:can_cast:resolve_required_cast_context: enter
execute:execute_statement:execute_statement:execute_insert:evaluate_assignment_expression:coerce:can_cast:resolve_required_cast_context: exit
execute:execute_statement:execute_statement:execute_insert:evaluate_assignment_expression:coerce:can_cast: exit
execute:execute_statement:execute_statement:execute_insert:evaluate_assignment_expression:coerce:apply_typmod: enter
execute:execute_statement:execute_statement:execute_insert:evaluate_assignment_expression:coerce:apply_typmod: exit
execute:execute_statement:execute_statement:execute_insert:evaluate_assignment_expression:coerce: exit
execute:execute_statement:execute_statement:execute_insert:evaluate_assignment_expression: exit
execute:execute_statement:execute_statement:execute_insert:validate_not_null: enter
execute:execute_statement:execute_statement:execute_insert:validate_not_null:is_null: enter
execute:execute_statement:execute_statement:execute_insert:validate_not_null:is_null: exit
execute:execute_statement:execute_statement:execute_insert:validate_not_null:is_null: enter
execute:execute_statement:execute_statement:execute_insert:validate_not_null:is_null: exit
execute:execute_statement:execute_statement:execute_insert:validate_not_null:is_null: enter
execute:execute_statement:execute_statement:execute_insert:validate_not_null:is_null: exit
execute:execute_statement:execute_statement:execute_insert:validate_not_null:is_null: enter
execute:execute_statement:execute_statement:execute_insert:validate_not_null:is_null: exit
execute:execute_statement:execute_statement:execute_insert:validate_not_null: exit
execute:execute_statement:execute_statement:execute_insert:validate_check_constraints: enter
execute:execute_statement:execute_statement:execute_insert:validate_check_constraints: exit
execute:execute_statement:execute_statement:execute_insert:has_visible_unique_conflict: enter
execute:execute_statement:execute_statement:execute_insert:has_visible_unique_conflict:include_current_command: enter
execute:execute_statement:execute_statement:execute_insert:has_visible_unique_conflict:include_current_command: exit
execute:execute_statement:execute_statement:execute_insert:has_visible_unique_conflict:build_row_index_key: enter
execute:execute_statement:execute_statement:execute_insert:has_visible_unique_conflict:build_row_index_key:build_index_key: enter
execute:execute_statement:execute_statement:execute_insert:has_visible_unique_conflict:build_row_index_key:build_index_key:normalize_index_value: enter
execute:execute_statement:execute_statement:execute_insert:has_visible_unique_conflict:build_row_index_key:build_index_key:normalize_index_value: exit
execute:execute_statement:execute_statement:execute_insert:has_visible_unique_conflict:build_row_index_key:build_index_key: exit
execute:execute_statement:execute_statement:execute_insert:has_visible_unique_conflict:build_row_index_key: exit
execute:execute_statement:execute_statement:execute_insert:has_visible_unique_conflict: exit
execute:execute_statement:execute_statement:execute_insert:insert: enter
execute:execute_statement:execute_statement:execute_insert:insert:add_index_entries: enter
execute:execute_statement:execute_statement:execute_insert:insert:add_index_entries:build_row_index_key: enter
execute:execute_statement:execute_statement:execute_insert:insert:add_index_entries:build_row_index_key:build_index_key: enter
execute:execute_statement:execute_statement:execute_insert:insert:add_index_entries:build_row_index_key:build_index_key:normalize_index_value: enter
execute:execute_statement:execute_statement:execute_insert:insert:add_index_entries:build_row_index_key:build_index_key:normalize_index_value: exit
execute:execute_statement:execute_statement:execute_insert:insert:add_index_entries:build_row_index_key:build_index_key: exit
execute:execute_statement:execute_statement:execute_insert:insert:add_index_entries:build_row_index_key: exit
execute:execute_statement:execute_statement:execute_insert:insert:add_index_entries: exit
execute:execute_statement:execute_statement:execute_insert:insert: exit
execute:execute_statement:execute_statement:execute_insert:validate_row_foreign_keys: enter
execute:execute_statement:execute_statement:execute_insert:validate_row_foreign_keys:include_current_command: enter
execute:execute_statement:execute_statement:execute_insert:validate_row_foreign_keys:include_current_command: exit
execute:execute_statement:execute_statement:execute_insert:validate_row_foreign_keys: exit
execute:execute_statement:execute_statement:execute_insert:evaluate_returning_row: enter
execute:execute_statement:execute_statement:execute_insert:evaluate_returning_row: exit
execute:execute_statement:execute_statement:execute_insert:create_write_result: enter
execute:execute_statement:execute_statement:execute_insert:create_write_result: exit
execute:execute_statement:execute_statement:execute_insert: exit
execute:execute_statement:execute_statement: exit
execute:execute_statement:contains_deferred_foreign_keys: enter
execute:execute_statement:contains_deferred_foreign_keys:iterate_tables: enter
execute:execute_statement:contains_deferred_foreign_keys:iterate_tables: exit
execute:execute_statement:contains_deferred_foreign_keys: exit
execute:execute_statement: exit
execute:is_transaction_implicit_batch: enter
execute:is_transaction_implicit_batch: exit
execute:commit_transaction: enter
execute:commit_transaction:commit: enter
execute:commit_transaction:commit:get_status: enter
execute:commit_transaction:commit:get_status: exit
execute:commit_transaction:commit: exit
execute:commit_transaction:commit_transaction_versions: enter
execute:commit_transaction:commit_transaction_versions: exit
execute:commit_transaction:commit_transaction_versions: enter
execute:commit_transaction:commit_transaction_versions: exit
execute:commit_transaction:commit_transaction_versions: enter
execute:commit_transaction:commit_transaction_versions: exit
execute:commit_transaction:prune_database_versions: enter
execute:commit_transaction:prune_database_versions:find_reclamation_horizon: enter
execute:commit_transaction:prune_database_versions:find_reclamation_horizon: exit
execute:commit_transaction:prune_database_versions:prune_versions: enter
execute:commit_transaction:prune_database_versions:prune_versions: exit
execute:commit_transaction:prune_database_versions:prune_versions: enter
execute:commit_transaction:prune_database_versions:prune_versions: exit
execute:commit_transaction:prune_database_versions:prune_versions: enter
execute:commit_transaction:prune_database_versions:prune_versions: exit
execute:commit_transaction:prune_database_versions: exit
execute:commit_transaction:release_transaction_locks: enter
execute:commit_transaction:release_transaction_locks: exit
execute:commit_transaction:remove_transaction: enter
execute:commit_transaction:remove_transaction: exit
execute:commit_transaction: exit
execute: exit
